// Jest Snapshot v1, https://goo.gl/fbAQLP

exports[`<App /> snapshot 1`] = `
<div
  className="App"
>
  <WithStyles(ForwardRef(Container))
    maxWidth="md"
  >
    <Page />
  </WithStyles(ForwardRef(Container))>
</div>
`;
